###############################################################################
#
# IAR ELF Linker V8.11.1.13263/W32 for ARM                09/Dec/2017  15:11:18
# Copyright 2007-2017 IAR Systems AB.
#
#    Output file  =  D:\6-gitclone\hall-bldc_timer\project\Debug\Exe\Demo.out
#    Map file     =  D:\6-gitclone\hall-bldc_timer\project\Debug\List\Demo.map
#    Command line =  
#        -f C:\Users\ChenDu\AppData\Local\Temp\EW9F74.tmp
#        (D:\6-gitclone\hall-bldc_timer\project\Debug\Obj\adc.o
#        D:\6-gitclone\hall-bldc_timer\project\Debug\Obj\HAL_adc.o
#        D:\6-gitclone\hall-bldc_timer\project\Debug\Obj\HAL_bkp.o
#        D:\6-gitclone\hall-bldc_timer\project\Debug\Obj\HAL_can.o
#        D:\6-gitclone\hall-bldc_timer\project\Debug\Obj\HAL_crc.o
#        D:\6-gitclone\hall-bldc_timer\project\Debug\Obj\HAL_dac.o
#        D:\6-gitclone\hall-bldc_timer\project\Debug\Obj\HAL_dma.o
#        D:\6-gitclone\hall-bldc_timer\project\Debug\Obj\HAL_exti.o
#        D:\6-gitclone\hall-bldc_timer\project\Debug\Obj\HAL_flash.o
#        D:\6-gitclone\hall-bldc_timer\project\Debug\Obj\HAL_gpio.o
#        D:\6-gitclone\hall-bldc_timer\project\Debug\Obj\HAL_i2c.o
#        D:\6-gitclone\hall-bldc_timer\project\Debug\Obj\HAL_iwdg.o
#        D:\6-gitclone\hall-bldc_timer\project\Debug\Obj\HAL_misc.o
#        D:\6-gitclone\hall-bldc_timer\project\Debug\Obj\HAL_pwr.o
#        D:\6-gitclone\hall-bldc_timer\project\Debug\Obj\HAL_rcc.o
#        D:\6-gitclone\hall-bldc_timer\project\Debug\Obj\HAL_rtc.o
#        D:\6-gitclone\hall-bldc_timer\project\Debug\Obj\HAL_spi.o
#        D:\6-gitclone\hall-bldc_timer\project\Debug\Obj\HAL_tim.o
#        D:\6-gitclone\hall-bldc_timer\project\Debug\Obj\HAL_uart.o
#        D:\6-gitclone\hall-bldc_timer\project\Debug\Obj\HAL_wwdg.o
#        D:\6-gitclone\hall-bldc_timer\project\Debug\Obj\main.o
#        D:\6-gitclone\hall-bldc_timer\project\Debug\Obj\startup_MM32L3xx.o
#        D:\6-gitclone\hall-bldc_timer\project\Debug\Obj\system_MM32L3xx.o
#        D:\6-gitclone\hall-bldc_timer\project\Debug\Obj\tim.o
#        D:\6-gitclone\hall-bldc_timer\project\Debug\Obj\tim3.o -o
#        D:\6-gitclone\hall-bldc_timer\project\Debug\Exe\Demo.out --map
#        D:\6-gitclone\hall-bldc_timer\project\Debug\List\Demo.map --config
#        "C:\Program Files (x86)\IAR Systems\Embedded Workbench
#        8.0\arm\config\linker\MM\MM32L37xxx.icf" --semihosting --entry
#        __iar_program_start --vfe --text_out locale)
#
###############################################################################

*******************************************************************************
*** RUNTIME MODEL ATTRIBUTES
***

CppFlavor       = *
__SystemLibrary = DLib
__dlib_version  = 6


*******************************************************************************
*** HEAP SELECTION
***

The basic heap was selected because no calls to memory allocation
functions were found in the application outside of system library
functions, and there are calls to deallocation functions in the
application.


*******************************************************************************
*** PLACEMENT SUMMARY
***

"A0":  place at 0x08000000 { ro section .intvec };
"P1":  place in [from 0x08000000 to 0x0801ffff] { ro };
"P2":  place in [from 0x20000000 to 0x20004fff] { rw, block CSTACK, block HEAP };
initialize by copy { rw };

  Section            Kind        Address    Size  Object
  -------            ----        -------    ----  ------
"A0":                                       0xec
  .intvec            ro code  0x08000000    0xec  startup_MM32L3xx.o [1]
                            - 0x080000ec    0xec

"P1":                                     0x1214
  .text              ro code  0x080000ec   0x638  HAL_tim.o [1]
  .text              ro code  0x08000724    0x90  HAL_rcc.o [1]
  .text              ro code  0x080007b4   0x560  tim.o [1]
  .text              ro code  0x08000d14    0xd6  HAL_gpio.o [1]
  .text              ro code  0x08000dec    0x80  HAL_misc.o [1]
  .text              ro code  0x08000e6c   0x12c  tim3.o [1]
  .text              ro code  0x08000f98   0x118  system_MM32L3xx.o [1]
  .text              ro code  0x080010b0    0xbe  main.o [1]
  .text              ro code  0x0800116e    0x2c  copy_init3.o [4]
  .text              ro code  0x0800119c    0x28  data_init.o [4]
  .iar.init_table    const    0x080011c4    0x14  - Linker created -
  .text              ro code  0x080011d8    0x1a  cmain.o [4]
  .text              ro code  0x080011f2     0x4  low_level_init.o [3]
  .text              ro code  0x080011f6     0x4  exit.o [3]
  .text              ro code  0x080011fc     0xa  cexit.o [4]
  .text              ro code  0x08001208    0x14  exit.o [5]
  .text              ro code  0x0800121c     0xc  cstartup_M.o [4]
  Initializer bytes  const    0x08001228     0xc  <for P2-1>
  .text              ro code  0x08001234     0x8  startup_MM32L3xx.o [1]
  .text              ro code  0x0800123c     0x4  startup_MM32L3xx.o [1]
  .text              ro code  0x08001240     0x4  startup_MM32L3xx.o [1]
  .text              ro code  0x08001244     0x4  startup_MM32L3xx.o [1]
  .text              ro code  0x08001248     0x4  startup_MM32L3xx.o [1]
  .text              ro code  0x0800124c     0x4  startup_MM32L3xx.o [1]
  .text              ro code  0x08001250     0x4  startup_MM32L3xx.o [1]
  .text              ro code  0x08001254     0x4  startup_MM32L3xx.o [1]
  .text              ro code  0x08001258     0x4  startup_MM32L3xx.o [1]
  .text              ro code  0x0800125c     0x4  startup_MM32L3xx.o [1]
  .text              ro code  0x08001260     0x4  startup_MM32L3xx.o [1]
  .text              ro code  0x08001264     0x4  startup_MM32L3xx.o [1]
  .text              ro code  0x08001268     0x4  startup_MM32L3xx.o [1]
  .text              ro code  0x0800126c     0x4  startup_MM32L3xx.o [1]
  .text              ro code  0x08001270     0x4  startup_MM32L3xx.o [1]
  .text              ro code  0x08001274     0x4  startup_MM32L3xx.o [1]
  .text              ro code  0x08001278     0x4  startup_MM32L3xx.o [1]
  .text              ro code  0x0800127c     0x4  startup_MM32L3xx.o [1]
  .text              ro code  0x08001280     0x4  startup_MM32L3xx.o [1]
  .text              ro code  0x08001284     0x4  startup_MM32L3xx.o [1]
  .text              ro code  0x08001288     0x4  startup_MM32L3xx.o [1]
  .text              ro code  0x0800128c     0x4  startup_MM32L3xx.o [1]
  .text              ro code  0x08001290     0x4  startup_MM32L3xx.o [1]
  .text              ro code  0x08001294     0x4  startup_MM32L3xx.o [1]
  .text              ro code  0x08001298     0x4  startup_MM32L3xx.o [1]
  .text              ro code  0x0800129c     0x4  startup_MM32L3xx.o [1]
  .text              ro code  0x080012a0     0x4  startup_MM32L3xx.o [1]
  .text              ro code  0x080012a4     0x4  startup_MM32L3xx.o [1]
  .text              ro code  0x080012a8     0x4  startup_MM32L3xx.o [1]
  .text              ro code  0x080012ac     0x4  startup_MM32L3xx.o [1]
  .text              ro code  0x080012b0     0x4  startup_MM32L3xx.o [1]
  .text              ro code  0x080012b4     0x4  startup_MM32L3xx.o [1]
  .text              ro code  0x080012b8     0x4  startup_MM32L3xx.o [1]
  .text              ro code  0x080012bc     0x4  startup_MM32L3xx.o [1]
  .text              ro code  0x080012c0     0x4  startup_MM32L3xx.o [1]
  .text              ro code  0x080012c4     0x4  startup_MM32L3xx.o [1]
  .text              ro code  0x080012c8     0x4  startup_MM32L3xx.o [1]
  .text              ro code  0x080012cc     0x4  startup_MM32L3xx.o [1]
  .text              ro code  0x080012d0     0x4  startup_MM32L3xx.o [1]
  .text              ro code  0x080012d4     0x4  startup_MM32L3xx.o [1]
  .text              ro code  0x080012d8     0x4  startup_MM32L3xx.o [1]
  .text              ro code  0x080012dc     0x4  startup_MM32L3xx.o [1]
  .text              ro code  0x080012e0     0x4  startup_MM32L3xx.o [1]
  .text              ro code  0x080012e4     0x4  startup_MM32L3xx.o [1]
  .text              ro code  0x080012e8     0x4  startup_MM32L3xx.o [1]
  .text              ro code  0x080012ec     0x4  startup_MM32L3xx.o [1]
  .text              ro code  0x080012f0     0x4  startup_MM32L3xx.o [1]
  .text              ro code  0x080012f4     0x4  startup_MM32L3xx.o [1]
  .text              ro code  0x080012f8     0x4  startup_MM32L3xx.o [1]
  .text              ro code  0x080012fc     0x4  startup_MM32L3xx.o [1]
  .rodata            const    0x08001300     0x0  copy_init3.o [4]
                            - 0x08001300  0x1214

"P2", part 1 of 2:                           0xc
  P2-1                        0x20000000     0xc  <Init block>
    .data            inited   0x20000000     0x4  system_MM32L3xx.o [1]
    .bss             inited   0x20000004     0x4  main.o [1]
    .bss             inited   0x20000008     0x2  tim.o [1]
    .bss             inited   0x2000000a     0x1  tim.o [1]
    .bss             inited   0x2000000b     0x1  tim3.o [1]
                            - 0x2000000c     0xc

"P2", part 2 of 2:                         0x800
  CSTACK                      0x20000010   0x800  <Block>
    CSTACK           uninit   0x20000010   0x800  <Block tail>
                            - 0x20000810   0x800


*******************************************************************************
*** INIT TABLE
***

          Address     Size
          -------     ----
Copy (__iar_copy_init3)
    1 source range, total size 0xc:
          0x08001228   0xc
    1 destination range, total size 0xc:
          0x20000000   0xc



*******************************************************************************
*** MODULE SUMMARY
***

    Module              ro code  ro data  rw data
    ------              -------  -------  -------
D:\6-gitclone\hall-bldc_timer\project\Debug\Obj: [1]
    HAL_gpio.o              214
    HAL_misc.o              128
    HAL_rcc.o               144
    HAL_tim.o             1 592
    main.o                  190        4        4
    startup_MM32L3xx.o      440
    system_MM32L3xx.o       280        4        4
    tim.o                 1 376        3        3
    tim3.o                  300        1        1
    ---------------------------------------------
    Total:                4 664       12       12

command line: [2]
    ---------------------------------------------
    Total:

dl7M_tln.a: [3]
    exit.o                    4
    low_level_init.o          4
    ---------------------------------------------
    Total:                    8

rt7M_tl.a: [4]
    cexit.o                  10
    cmain.o                  26
    copy_init3.o             44
    cstartup_M.o             12
    data_init.o              40
    ---------------------------------------------
    Total:                  132

shb_l.a: [5]
    exit.o                   20
    ---------------------------------------------
    Total:                   20

    Gaps                      8
    Linker created                    20    2 048
-------------------------------------------------
    Grand Total:          4 832       32    2 060


*******************************************************************************
*** ENTRY LIST
***

Entry                      Address   Size  Type      Object
-----                      -------   ----  ----      ------
.iar.init_table$$Base   0x080011c4          --   Gb  - Linker created -
.iar.init_table$$Limit  0x080011d8          --   Gb  - Linker created -
?main                   0x080011d9         Code  Gb  cmain.o [4]
BLDCMotorPrepareCommutation
                        0x08000aa9  0x22e  Code  Gb  tim.o [1]
CSTACK$$Base            0x20000010          --   Gb  - Linker created -
CSTACK$$Limit           0x20000810          --   Gb  - Linker created -
GPIO_Init               0x08000d15   0xc4  Code  Gb  HAL_gpio.o [1]
GPIO_ReadInputData      0x08000dd9    0x6  Code  Gb  HAL_gpio.o [1]
GPIO_ResetBits          0x08000de5    0x6  Code  Gb  HAL_gpio.o [1]
GPIO_SetBits            0x08000ddf    0x6  Code  Gb  HAL_gpio.o [1]
Hall2MotorON            0x08000cd7    0xc  Code  Gb  tim.o [1]
InitSystick             0x08001101   0x1e  Code  Gb  main.o [1]
NVIC_Init               0x08000ded   0x70  Code  Gb  HAL_misc.o [1]
NVIC_SetPriority        0x080010b1   0x22  Code  Lc  main.o [1]
RCC_APB1PeriphClockCmd  0x08000745   0x20  Code  Gb  HAL_rcc.o [1]
RCC_APB1PeriphResetCmd  0x08000785   0x20  Code  Gb  HAL_rcc.o [1]
RCC_APB2PeriphClockCmd  0x08000725   0x20  Code  Gb  HAL_rcc.o [1]
RCC_APB2PeriphResetCmd  0x08000765   0x20  Code  Gb  HAL_rcc.o [1]
Region$$Table$$Base     0x080011c4          --   Gb  - Linker created -
Region$$Table$$Limit    0x080011d8          --   Gb  - Linker created -
SetSysClock             0x08000ff9    0x8  Code  Lc  system_MM32L3xx.o [1]
SetSysClockTo96_HSI     0x08001001   0x94  Code  Lc  system_MM32L3xx.o [1]
SysTick_Config          0x080010d3   0x2e  Code  Lc  main.o [1]
SysTick_Handler         0x0800111f    0xc  Code  Gb  main.o [1]
SysTick_Handler::cnt    0x20000004    0x4  Data  Lc  main.o [1]
SystemCoreClock         0x20000000    0x4  Data  Gb  system_MM32L3xx.o [1]
SystemInit              0x08000f99   0x60  Code  Gb  system_MM32L3xx.o [1]
TI1_Config              0x08000637   0x38  Code  Lc  HAL_tim.o [1]
TI2_Config              0x0800066f   0x3c  Code  Lc  HAL_tim.o [1]
TI3_Config              0x080006ab   0x3c  Code  Lc  HAL_tim.o [1]
TI4_Config              0x080006e7   0x3e  Code  Lc  HAL_tim.o [1]
TIM1ON                  0x08000ce3    0xc  Code  Gb  tim.o [1]
TIM2ON                  0x08000cef    0xe  Code  Gb  tim.o [1]
TIM2_IRQHandler         0x08000a6b   0x3e  Code  Gb  tim.o [1]
TIM3_IRQHandler         0x08000e6d   0x1c  Code  Gb  tim3.o [1]
TIM_BDTRConfig          0x080003b5   0x20  Code  Gb  HAL_tim.o [1]
TIM_CCPreloadControl    0x0800045d   0x1c  Code  Gb  HAL_tim.o [1]
TIM_CCxCmd              0x080004af   0x1c  Code  Gb  HAL_tim.o [1]
TIM_CCxNCmd             0x080004cb   0x1c  Code  Gb  HAL_tim.o [1]
TIM_ClearFlag           0x080005ff    0x8  Code  Gb  HAL_tim.o [1]
TIM_ClearITPendingBit   0x0800062f    0x8  Code  Gb  HAL_tim.o [1]
TIM_Cmd                 0x080003d5   0x1c  Code  Gb  HAL_tim.o [1]
TIM_CtrlPWMOutputs      0x080003f1   0x22  Code  Gb  HAL_tim.o [1]
TIM_DeInit              0x080000ed   0x68  Code  Gb  HAL_tim.o [1]
TIM_GetITStatus         0x08000607   0x28  Code  Gb  HAL_tim.o [1]
TIM_ICInit              0x08000345   0x70  Code  Gb  HAL_tim.o [1]
TIM_ITConfig            0x08000413   0x1c  Code  Gb  HAL_tim.o [1]
TIM_OC1Init             0x08000185   0x6c  Code  Gb  HAL_tim.o [1]
TIM_OC1PreloadConfig    0x08000479   0x12  Code  Gb  HAL_tim.o [1]
TIM_OC2Init             0x080001f1   0x7a  Code  Gb  HAL_tim.o [1]
TIM_OC2PreloadConfig    0x0800048b   0x12  Code  Gb  HAL_tim.o [1]
TIM_OC3Init             0x0800026b   0x78  Code  Gb  HAL_tim.o [1]
TIM_OC3PreloadConfig    0x0800049d   0x12  Code  Gb  HAL_tim.o [1]
TIM_OC4Init             0x080002e3   0x56  Code  Gb  HAL_tim.o [1]
TIM_SelectCOM           0x08000441   0x1c  Code  Gb  HAL_tim.o [1]
TIM_SelectHallSensor    0x08000573   0x1c  Code  Gb  HAL_tim.o [1]
TIM_SelectInputTrigger  0x0800042f   0x12  Code  Gb  HAL_tim.o [1]
TIM_SelectOCxM          0x080004e7   0x8c  Code  Gb  HAL_tim.o [1]
TIM_SelectOutputTrigger
                        0x0800058f   0x12  Code  Gb  HAL_tim.o [1]
TIM_SelectSlaveMode     0x080005a1   0x12  Code  Gb  HAL_tim.o [1]
TIM_SetIC1Prescaler     0x080005b3   0x12  Code  Gb  HAL_tim.o [1]
TIM_SetIC2Prescaler     0x080005c5   0x14  Code  Gb  HAL_tim.o [1]
TIM_SetIC3Prescaler     0x080005d9   0x12  Code  Gb  HAL_tim.o [1]
TIM_SetIC4Prescaler     0x080005eb   0x14  Code  Gb  HAL_tim.o [1]
TIM_TimeBaseInit        0x08000155   0x30  Code  Gb  HAL_tim.o [1]
__cmain                 0x080011d9         Code  Gb  cmain.o [4]
__exit                  0x08001209   0x14  Code  Gb  exit.o [5]
__iar_copy_init3        0x0800116f   0x2c  Code  Gb  copy_init3.o [4]
__iar_data_init3        0x0800119d   0x28  Code  Gb  data_init.o [4]
__iar_program_start     0x0800121d         Code  Gb  cstartup_M.o [4]
__iar_systems$$module {Abs}
                        0x00000001         Data  Gb  command line/config [2]
__low_level_init        0x080011f3    0x4  Code  Gb  low_level_init.o [3]
__vector_table          0x08000000         Data  Gb  startup_MM32L3xx.o [1]
_call_main              0x080011e5         Code  Gb  cmain.o [4]
_exit                   0x080011fd         Code  Gb  cexit.o [4]
_main                   0x080011ef         Code  Gb  cmain.o [4]
exit                    0x080011f7    0x4  Code  Gb  exit.o [3]
gSimStep                0x2000000b    0x1  Data  Gb  tim3.o [1]
hallccr1                0x20000008    0x2  Data  Gb  tim.o [1]
hallpos                 0x2000000a    0x1  Data  Gb  tim.o [1]
initHallSensorTIM2      0x0800096b  0x100  Code  Gb  tim.o [1]
initMotorBridgeTIM1     0x080007cb  0x1a0  Code  Gb  tim.o [1]
initRCC                 0x080007b5   0x16  Code  Gb  tim.o [1]
main                    0x08001149   0x26  Code  Gb  main.o [1]
simMotorPrepareCommutation
                        0x08000e89   0xfe  Code  Gb  tim3.o [1]


[1] = D:\6-gitclone\hall-bldc_timer\project\Debug\Obj
[2] = command line
[3] = dl7M_tln.a
[4] = rt7M_tl.a
[5] = shb_l.a

  4 832 bytes of readonly  code memory
     32 bytes of readonly  data memory
  2 060 bytes of readwrite data memory

Errors: none
Warnings: none
